#-----------------------------------------------------------
# Vivado v2023.2 (64-bit)
# SW Build 4029153 on Fri Oct 13 20:14:34 MDT 2023
# IP Build 4028589 on Sat Oct 14 00:45:43 MDT 2023
# SharedData Build 4025554 on Tue Oct 10 17:18:54 MDT 2023
# Start of session at: Fri May 24 13:14:10 2024
# Process ID: 6560
# Current directory: D:/FACULTATE/facultate/anul1/sem2/PSN/proiect/ProiectPSN-Cifru/cifru_project/cifru_project.runs/impl_1
# Command line: vivado.exe -log cifru.vdi -applog -product Vivado -messageDb vivado.pb -mode batch -source cifru.tcl -notrace
# Log file: D:/FACULTATE/facultate/anul1/sem2/PSN/proiect/ProiectPSN-Cifru/cifru_project/cifru_project.runs/impl_1/cifru.vdi
# Journal file: D:/FACULTATE/facultate/anul1/sem2/PSN/proiect/ProiectPSN-Cifru/cifru_project/cifru_project.runs/impl_1\vivado.jou
# Running On: POWERSLAVE, OS: Windows, CPU Frequency: 3593 MHz, CPU Physical cores: 12, Host memory: 34305 MB
#-----------------------------------------------------------
source cifru.tcl -notrace
